
Discarded input sections

 .text          0x0000000000000000        0x0 build/obj/crt0.o
 .data          0x0000000000000000        0x0 build/obj/crt0.o
 .bss           0x0000000000000000        0x0 build/obj/crt0.o
 .text.__early_init
                0x0000000000000000       0x10 build/obj/crt0.o
 .text          0x0000000000000000        0x0 build/obj/vectors.o
 .data          0x0000000000000000        0x0 build/obj/vectors.o
 .bss           0x0000000000000000        0x0 build/obj/vectors.o
 .text          0x0000000000000000        0x0 build/obj/chcore.o
 .data          0x0000000000000000        0x0 build/obj/chcore.o
 .bss           0x0000000000000000        0x0 build/obj/chcore.o
 .text.port_halt
                0x0000000000000000       0x10 build/obj/chcore.o
 .debug_info    0x0000000000000000       0xb9 build/obj/chcore.o
 .debug_abbrev  0x0000000000000000       0x67 build/obj/chcore.o
 .debug_aranges
                0x0000000000000000       0x20 build/obj/chcore.o
 .debug_ranges  0x0000000000000000       0x10 build/obj/chcore.o
 .debug_line    0x0000000000000000       0xdc build/obj/chcore.o
 .debug_str     0x0000000000000000      0x1df build/obj/chcore.o
 .comment       0x0000000000000000       0x2c build/obj/chcore.o
 .ARM.attributes
                0x0000000000000000       0x33 build/obj/chcore.o
 .debug_frame   0x0000000000000000       0x20 build/obj/chcore.o
 .text          0x0000000000000000        0x0 build/obj/chcore_v7m.o
 .data          0x0000000000000000        0x0 build/obj/chcore_v7m.o
 .bss           0x0000000000000000        0x0 build/obj/chcore_v7m.o
 .text._port_switch_from_isr
                0x0000000000000000       0x10 build/obj/chcore_v7m.o
 .text.SVCallVector
                0x0000000000000000       0x20 build/obj/chcore_v7m.o
 .text._port_irq_epilogue
                0x0000000000000000       0x60 build/obj/chcore_v7m.o
 .text.SysTickVector
                0x0000000000000000       0x20 build/obj/chcore_v7m.o
 .text          0x0000000000000000        0x0 build/obj/nvic.o
 .data          0x0000000000000000        0x0 build/obj/nvic.o
 .bss           0x0000000000000000        0x0 build/obj/nvic.o
 .text.nvicEnableVector
                0x0000000000000000       0x50 build/obj/nvic.o
 .text.nvicDisableVector
                0x0000000000000000       0x50 build/obj/nvic.o
 .text          0x0000000000000000        0x0 build/obj/chsys.o
 .data          0x0000000000000000        0x0 build/obj/chsys.o
 .bss           0x0000000000000000        0x0 build/obj/chsys.o
 .text.chSysTimerHandlerI
                0x0000000000000000       0x50 build/obj/chsys.o
 .text          0x0000000000000000        0x0 build/obj/chdebug.o
 .data          0x0000000000000000        0x0 build/obj/chdebug.o
 .bss           0x0000000000000000        0x0 build/obj/chdebug.o
 .debug_info    0x0000000000000000       0xa0 build/obj/chdebug.o
 .debug_abbrev  0x0000000000000000       0x4b build/obj/chdebug.o
 .debug_aranges
                0x0000000000000000       0x18 build/obj/chdebug.o
 .debug_line    0x0000000000000000       0xa6 build/obj/chdebug.o
 .debug_str     0x0000000000000000      0x1d0 build/obj/chdebug.o
 .comment       0x0000000000000000       0x2c build/obj/chdebug.o
 .ARM.attributes
                0x0000000000000000       0x33 build/obj/chdebug.o
 .text          0x0000000000000000        0x0 build/obj/chlists.o
 .data          0x0000000000000000        0x0 build/obj/chlists.o
 .bss           0x0000000000000000        0x0 build/obj/chlists.o
 .debug_info    0x0000000000000000       0xa0 build/obj/chlists.o
 .debug_abbrev  0x0000000000000000       0x4b build/obj/chlists.o
 .debug_aranges
                0x0000000000000000       0x18 build/obj/chlists.o
 .debug_line    0x0000000000000000       0xa6 build/obj/chlists.o
 .debug_str     0x0000000000000000      0x1d0 build/obj/chlists.o
 .comment       0x0000000000000000       0x2c build/obj/chlists.o
 .ARM.attributes
                0x0000000000000000       0x33 build/obj/chlists.o
 .text          0x0000000000000000        0x0 build/obj/chvt.o
 .data          0x0000000000000000        0x0 build/obj/chvt.o
 .bss           0x0000000000000000        0x0 build/obj/chvt.o
 .text.chVTSetI
                0x0000000000000000       0x40 build/obj/chvt.o
 .text.chVTResetI
                0x0000000000000000       0x30 build/obj/chvt.o
 .text          0x0000000000000000        0x0 build/obj/chschd.o
 .data          0x0000000000000000        0x0 build/obj/chschd.o
 .bss           0x0000000000000000        0x0 build/obj/chschd.o
 .text.wakeup   0x0000000000000000       0x70 build/obj/chschd.o
 .text.chSchGoSleepTimeoutS
                0x0000000000000000       0x50 build/obj/chschd.o
 .text.chSchDoRescheduleBehind
                0x0000000000000000       0x40 build/obj/chschd.o
 .text.chSchDoRescheduleAhead
                0x0000000000000000       0x40 build/obj/chschd.o
 .text.chSchRescheduleS
                0x0000000000000000       0x20 build/obj/chschd.o
 .text.chSchDoReschedule
                0x0000000000000000       0x10 build/obj/chschd.o
 .text          0x0000000000000000        0x0 build/obj/chthreads.o
 .data          0x0000000000000000        0x0 build/obj/chthreads.o
 .bss           0x0000000000000000        0x0 build/obj/chthreads.o
 .text.chThdCreateI
                0x0000000000000000       0x70 build/obj/chthreads.o
 .text.chThdSetPriority
                0x0000000000000000       0x30 build/obj/chthreads.o
 .text.chThdResume
                0x0000000000000000       0x20 build/obj/chthreads.o
 .text.chThdTerminate
                0x0000000000000000       0x20 build/obj/chthreads.o
 .text.chThdSleep
                0x0000000000000000       0x20 build/obj/chthreads.o
 .text.chThdSleepUntil
                0x0000000000000000       0x30 build/obj/chthreads.o
 .text.chThdYield
                0x0000000000000000       0x30 build/obj/chthreads.o
 .text.chThdWait
                0x0000000000000000       0x40 build/obj/chthreads.o
 .text          0x0000000000000000        0x0 build/obj/chdynamic.o
 .data          0x0000000000000000        0x0 build/obj/chdynamic.o
 .bss           0x0000000000000000        0x0 build/obj/chdynamic.o
 .text.chThdAddRef
                0x0000000000000000       0x20 build/obj/chdynamic.o
 .text.chThdRelease
                0x0000000000000000       0x50 build/obj/chdynamic.o
 .text.chThdCreateFromHeap
                0x0000000000000000       0x40 build/obj/chdynamic.o
 .text.chThdCreateFromMemoryPool
                0x0000000000000000       0x50 build/obj/chdynamic.o
 .debug_info    0x0000000000000000      0x886 build/obj/chdynamic.o
 .debug_abbrev  0x0000000000000000      0x23c build/obj/chdynamic.o
 .debug_loc     0x0000000000000000      0x1b8 build/obj/chdynamic.o
 .debug_aranges
                0x0000000000000000       0x38 build/obj/chdynamic.o
 .debug_ranges  0x0000000000000000       0x28 build/obj/chdynamic.o
 .debug_line    0x0000000000000000      0x21c build/obj/chdynamic.o
 .debug_str     0x0000000000000000      0x4a7 build/obj/chdynamic.o
 .comment       0x0000000000000000       0x2c build/obj/chdynamic.o
 .ARM.attributes
                0x0000000000000000       0x33 build/obj/chdynamic.o
 .debug_frame   0x0000000000000000       0x80 build/obj/chdynamic.o
 .text          0x0000000000000000        0x0 build/obj/chregistry.o
 .data          0x0000000000000000        0x0 build/obj/chregistry.o
 .bss           0x0000000000000000        0x0 build/obj/chregistry.o
 .text.chRegFirstThread
                0x0000000000000000       0x20 build/obj/chregistry.o
 .text.chRegNextThread
                0x0000000000000000       0x30 build/obj/chregistry.o
 .text          0x0000000000000000        0x0 build/obj/chsem.o
 .data          0x0000000000000000        0x0 build/obj/chsem.o
 .bss           0x0000000000000000        0x0 build/obj/chsem.o
 .text.chSemInit
                0x0000000000000000       0x10 build/obj/chsem.o
 .text.chSemResetI
                0x0000000000000000       0x30 build/obj/chsem.o
 .text.chSemReset
                0x0000000000000000       0x20 build/obj/chsem.o
 .text.chSemWaitS
                0x0000000000000000       0x40 build/obj/chsem.o
 .text.chSemWait
                0x0000000000000000       0x20 build/obj/chsem.o
 .text.chSemWaitTimeoutS
                0x0000000000000000       0x40 build/obj/chsem.o
 .text.chSemWaitTimeout
                0x0000000000000000       0x20 build/obj/chsem.o
 .text.chSemSignal
                0x0000000000000000       0x40 build/obj/chsem.o
 .text.chSemSignalI
                0x0000000000000000       0x20 build/obj/chsem.o
 .text.chSemAddCounterI
                0x0000000000000000       0x30 build/obj/chsem.o
 .text.chSemSignalWait
                0x0000000000000000       0x70 build/obj/chsem.o
 .debug_info    0x0000000000000000      0xab2 build/obj/chsem.o
 .debug_abbrev  0x0000000000000000      0x321 build/obj/chsem.o
 .debug_loc     0x0000000000000000      0x4d4 build/obj/chsem.o
 .debug_aranges
                0x0000000000000000       0x70 build/obj/chsem.o
 .debug_ranges  0x0000000000000000      0x108 build/obj/chsem.o
 .debug_line    0x0000000000000000      0x31d build/obj/chsem.o
 .debug_str     0x0000000000000000      0x49e build/obj/chsem.o
 .comment       0x0000000000000000       0x2c build/obj/chsem.o
 .ARM.attributes
                0x0000000000000000       0x33 build/obj/chsem.o
 .debug_frame   0x0000000000000000      0x130 build/obj/chsem.o
 .text          0x0000000000000000        0x0 build/obj/chmtx.o
 .data          0x0000000000000000        0x0 build/obj/chmtx.o
 .bss           0x0000000000000000        0x0 build/obj/chmtx.o
 .text.chMtxLockS
                0x0000000000000000       0xd0 build/obj/chmtx.o
 .text.chMtxLock
                0x0000000000000000       0x20 build/obj/chmtx.o
 .text.chMtxTryLock
                0x0000000000000000       0x30 build/obj/chmtx.o
 .text.chMtxTryLockS
                0x0000000000000000       0x20 build/obj/chmtx.o
 .text.chMtxUnlock
                0x0000000000000000       0x70 build/obj/chmtx.o
 .text.chMtxUnlockS
                0x0000000000000000       0x50 build/obj/chmtx.o
 .text.chMtxUnlockAll
                0x0000000000000000       0x60 build/obj/chmtx.o
 .text          0x0000000000000000        0x0 build/obj/chcond.o
 .data          0x0000000000000000        0x0 build/obj/chcond.o
 .bss           0x0000000000000000        0x0 build/obj/chcond.o
 .text.chCondInit
                0x0000000000000000       0x10 build/obj/chcond.o
 .text.chCondSignal
                0x0000000000000000       0x30 build/obj/chcond.o
 .text.chCondSignalI
                0x0000000000000000       0x20 build/obj/chcond.o
 .text.chCondBroadcastI
                0x0000000000000000       0x30 build/obj/chcond.o
 .text.chCondBroadcast
                0x0000000000000000       0x20 build/obj/chcond.o
 .text.chCondWaitS
                0x0000000000000000       0x50 build/obj/chcond.o
 .text.chCondWait
                0x0000000000000000       0x20 build/obj/chcond.o
 .text.chCondWaitTimeoutS
                0x0000000000000000       0x50 build/obj/chcond.o
 .text.chCondWaitTimeout
                0x0000000000000000       0x20 build/obj/chcond.o
 .debug_info    0x0000000000000000      0x971 build/obj/chcond.o
 .debug_abbrev  0x0000000000000000      0x2e6 build/obj/chcond.o
 .debug_loc     0x0000000000000000      0x346 build/obj/chcond.o
 .debug_aranges
                0x0000000000000000       0x60 build/obj/chcond.o
 .debug_ranges  0x0000000000000000       0xa8 build/obj/chcond.o
 .debug_line    0x0000000000000000      0x29a build/obj/chcond.o
 .debug_str     0x0000000000000000      0x48c build/obj/chcond.o
 .comment       0x0000000000000000       0x2c build/obj/chcond.o
 .ARM.attributes
                0x0000000000000000       0x33 build/obj/chcond.o
 .debug_frame   0x0000000000000000      0x114 build/obj/chcond.o
 .text          0x0000000000000000        0x0 build/obj/chevents.o
 .data          0x0000000000000000        0x0 build/obj/chevents.o
 .bss           0x0000000000000000        0x0 build/obj/chevents.o
 .text.chEvtRegisterMask
                0x0000000000000000       0x30 build/obj/chevents.o
 .text.chEvtUnregister
                0x0000000000000000       0x30 build/obj/chevents.o
 .text.chEvtGetAndClearEvents
                0x0000000000000000       0x20 build/obj/chevents.o
 .text.chEvtAddEvents
                0x0000000000000000       0x20 build/obj/chevents.o
 .text.chEvtGetAndClearFlags
                0x0000000000000000       0x20 build/obj/chevents.o
 .text.chEvtSignalI
                0x0000000000000000       0x30 build/obj/chevents.o
 .text.chEvtBroadcastFlagsI
                0x0000000000000000       0x20 build/obj/chevents.o
 .text.chEvtSignal
                0x0000000000000000       0x20 build/obj/chevents.o
 .text.chEvtBroadcastFlags
                0x0000000000000000       0x20 build/obj/chevents.o
 .text.chEvtGetAndClearFlagsI
                0x0000000000000000       0x10 build/obj/chevents.o
 .text.chEvtDispatch
                0x0000000000000000       0x30 build/obj/chevents.o
 .text.chEvtWaitOne
                0x0000000000000000       0x40 build/obj/chevents.o
 .text.chEvtWaitAny
                0x0000000000000000       0x40 build/obj/chevents.o
 .text.chEvtWaitAll
                0x0000000000000000       0x40 build/obj/chevents.o
 .text.chEvtWaitOneTimeout
                0x0000000000000000       0x60 build/obj/chevents.o
 .text.chEvtWaitAnyTimeout
                0x0000000000000000       0x60 build/obj/chevents.o
 .text.chEvtWaitAllTimeout
                0x0000000000000000       0x50 build/obj/chevents.o
 .debug_info    0x0000000000000000      0xd8f build/obj/chevents.o
 .debug_abbrev  0x0000000000000000      0x300 build/obj/chevents.o
 .debug_loc     0x0000000000000000      0x57b build/obj/chevents.o
 .debug_aranges
                0x0000000000000000       0xa0 build/obj/chevents.o
 .debug_ranges  0x0000000000000000       0xc0 build/obj/chevents.o
 .debug_line    0x0000000000000000      0x32f build/obj/chevents.o
 .debug_str     0x0000000000000000      0x563 build/obj/chevents.o
 .comment       0x0000000000000000       0x2c build/obj/chevents.o
 .ARM.attributes
                0x0000000000000000       0x33 build/obj/chevents.o
 .debug_frame   0x0000000000000000      0x1d8 build/obj/chevents.o
 .text          0x0000000000000000        0x0 build/obj/chmsg.o
 .data          0x0000000000000000        0x0 build/obj/chmsg.o
 .bss           0x0000000000000000        0x0 build/obj/chmsg.o
 .text.chMsgSend
                0x0000000000000000       0x40 build/obj/chmsg.o
 .text.chMsgWait
                0x0000000000000000       0x40 build/obj/chmsg.o
 .text.chMsgRelease
                0x0000000000000000       0x20 build/obj/chmsg.o
 .debug_info    0x0000000000000000      0x65d build/obj/chmsg.o
 .debug_abbrev  0x0000000000000000      0x231 build/obj/chmsg.o
 .debug_loc     0x0000000000000000       0xf1 build/obj/chmsg.o
 .debug_aranges
                0x0000000000000000       0x30 build/obj/chmsg.o
 .debug_ranges  0x0000000000000000       0x68 build/obj/chmsg.o
 .debug_line    0x0000000000000000      0x1c4 build/obj/chmsg.o
 .debug_str     0x0000000000000000      0x3d7 build/obj/chmsg.o
 .comment       0x0000000000000000       0x2c build/obj/chmsg.o
 .ARM.attributes
                0x0000000000000000       0x33 build/obj/chmsg.o
 .debug_frame   0x0000000000000000       0x68 build/obj/chmsg.o
 .text          0x0000000000000000        0x0 build/obj/chmboxes.o
 .data          0x0000000000000000        0x0 build/obj/chmboxes.o
 .bss           0x0000000000000000        0x0 build/obj/chmboxes.o
 .text.chMBInit
                0x0000000000000000       0x30 build/obj/chmboxes.o
 .text.chMBReset
                0x0000000000000000       0x40 build/obj/chmboxes.o
 .text.chMBPostS
                0x0000000000000000       0x40 build/obj/chmboxes.o
 .text.chMBPost
                0x0000000000000000       0x20 build/obj/chmboxes.o
 .text.chMBPostI
                0x0000000000000000       0x40 build/obj/chmboxes.o
 .text.chMBPostAheadS
                0x0000000000000000       0x40 build/obj/chmboxes.o
 .text.chMBPostAhead
                0x0000000000000000       0x20 build/obj/chmboxes.o
 .text.chMBPostAheadI
                0x0000000000000000       0x30 build/obj/chmboxes.o
 .text.chMBFetchS
                0x0000000000000000       0x40 build/obj/chmboxes.o
 .text.chMBFetch
                0x0000000000000000       0x20 build/obj/chmboxes.o
 .text.chMBFetchI
                0x0000000000000000       0x40 build/obj/chmboxes.o
 .debug_info    0x0000000000000000      0xa42 build/obj/chmboxes.o
 .debug_abbrev  0x0000000000000000      0x262 build/obj/chmboxes.o
 .debug_loc     0x0000000000000000      0x4a2 build/obj/chmboxes.o
 .debug_aranges
                0x0000000000000000       0x70 build/obj/chmboxes.o
 .debug_ranges  0x0000000000000000       0x78 build/obj/chmboxes.o
 .debug_line    0x0000000000000000      0x291 build/obj/chmboxes.o
 .debug_str     0x0000000000000000      0x466 build/obj/chmboxes.o
 .comment       0x0000000000000000       0x2c build/obj/chmboxes.o
 .ARM.attributes
                0x0000000000000000       0x33 build/obj/chmboxes.o
 .debug_frame   0x0000000000000000      0x154 build/obj/chmboxes.o
 .text          0x0000000000000000        0x0 build/obj/chqueues.o
 .data          0x0000000000000000        0x0 build/obj/chqueues.o
 .bss           0x0000000000000000        0x0 build/obj/chqueues.o
 .text.qwait    0x0000000000000000       0x30 build/obj/chqueues.o
 .text.chIQInit
                0x0000000000000000       0x20 build/obj/chqueues.o
 .text.chIQResetI
                0x0000000000000000       0x30 build/obj/chqueues.o
 .text.chIQPutI
                0x0000000000000000       0x50 build/obj/chqueues.o
 .text.chIQGetTimeout
                0x0000000000000000       0x50 build/obj/chqueues.o
 .text.chIQReadTimeout
                0x0000000000000000       0x80 build/obj/chqueues.o
 .text.chOQInit
                0x0000000000000000       0x20 build/obj/chqueues.o
 .text.chOQResetI
                0x0000000000000000       0x30 build/obj/chqueues.o
 .text.chOQPutTimeout
                0x0000000000000000       0x60 build/obj/chqueues.o
 .text.chOQGetI
                0x0000000000000000       0x50 build/obj/chqueues.o
 .text.chOQWriteTimeout
                0x0000000000000000       0x80 build/obj/chqueues.o
 .debug_info    0x0000000000000000      0xbbd build/obj/chqueues.o
 .debug_abbrev  0x0000000000000000      0x33f build/obj/chqueues.o
 .debug_loc     0x0000000000000000      0x6bb build/obj/chqueues.o
 .debug_aranges
                0x0000000000000000       0x70 build/obj/chqueues.o
 .debug_ranges  0x0000000000000000       0xd0 build/obj/chqueues.o
 .debug_line    0x0000000000000000      0x396 build/obj/chqueues.o
 .debug_str     0x0000000000000000      0x4ca build/obj/chqueues.o
 .comment       0x0000000000000000       0x2c build/obj/chqueues.o
 .ARM.attributes
                0x0000000000000000       0x33 build/obj/chqueues.o
 .debug_frame   0x0000000000000000      0x180 build/obj/chqueues.o
 .text          0x0000000000000000        0x0 build/obj/chmemcore.o
 .data          0x0000000000000000        0x0 build/obj/chmemcore.o
 .bss           0x0000000000000000        0x0 build/obj/chmemcore.o
 .text.chCoreAllocI
                0x0000000000000000       0x30 build/obj/chmemcore.o
 .text.chCoreStatus
                0x0000000000000000       0x20 build/obj/chmemcore.o
 .text          0x0000000000000000        0x0 build/obj/chheap.o
 .data          0x0000000000000000        0x0 build/obj/chheap.o
 .bss           0x0000000000000000        0x0 build/obj/chheap.o
 .text.chHeapInit
                0x0000000000000000       0x20 build/obj/chheap.o
 .text.chHeapAlloc
                0x0000000000000000       0x80 build/obj/chheap.o
 .text.chHeapFree
                0x0000000000000000       0xa0 build/obj/chheap.o
 .text.chHeapStatus
                0x0000000000000000       0x40 build/obj/chheap.o
 .text          0x0000000000000000        0x0 build/obj/chmempools.o
 .data          0x0000000000000000        0x0 build/obj/chmempools.o
 .bss           0x0000000000000000        0x0 build/obj/chmempools.o
 .text.chPoolInit
                0x0000000000000000       0x10 build/obj/chmempools.o
 .text.chPoolLoadArray
                0x0000000000000000       0x20 build/obj/chmempools.o
 .text.chPoolAllocI
                0x0000000000000000       0x20 build/obj/chmempools.o
 .text.chPoolAlloc
                0x0000000000000000       0x30 build/obj/chmempools.o
 .text.chPoolFreeI
                0x0000000000000000       0x10 build/obj/chmempools.o
 .text.chPoolFree
                0x0000000000000000       0x20 build/obj/chmempools.o
 .debug_info    0x0000000000000000      0x433 build/obj/chmempools.o
 .debug_abbrev  0x0000000000000000      0x1ff build/obj/chmempools.o
 .debug_loc     0x0000000000000000      0x185 build/obj/chmempools.o
 .debug_aranges
                0x0000000000000000       0x48 build/obj/chmempools.o
 .debug_ranges  0x0000000000000000       0xc8 build/obj/chmempools.o
 .debug_line    0x0000000000000000      0x1d6 build/obj/chmempools.o
 .debug_str     0x0000000000000000      0x2ad build/obj/chmempools.o
 .comment       0x0000000000000000       0x2c build/obj/chmempools.o
 .ARM.attributes
                0x0000000000000000       0x33 build/obj/chmempools.o
 .debug_frame   0x0000000000000000       0x88 build/obj/chmempools.o
 .text          0x0000000000000000        0x0 build/obj/hal.o
 .data          0x0000000000000000        0x0 build/obj/hal.o
 .bss           0x0000000000000000        0x0 build/obj/hal.o
 .text          0x0000000000000000        0x0 build/obj/adc.o
 .data          0x0000000000000000        0x0 build/obj/adc.o
 .bss           0x0000000000000000        0x0 build/obj/adc.o
 .debug_info    0x0000000000000000       0xa0 build/obj/adc.o
 .debug_abbrev  0x0000000000000000       0x4b build/obj/adc.o
 .debug_aranges
                0x0000000000000000       0x18 build/obj/adc.o
 .debug_line    0x0000000000000000       0xa6 build/obj/adc.o
 .debug_str     0x0000000000000000      0x1c9 build/obj/adc.o
 .comment       0x0000000000000000       0x2c build/obj/adc.o
 .ARM.attributes
                0x0000000000000000       0x33 build/obj/adc.o
 .text          0x0000000000000000        0x0 build/obj/can.o
 .data          0x0000000000000000        0x0 build/obj/can.o
 .bss           0x0000000000000000        0x0 build/obj/can.o
 .debug_info    0x0000000000000000       0xa0 build/obj/can.o
 .debug_abbrev  0x0000000000000000       0x4b build/obj/can.o
 .debug_aranges
                0x0000000000000000       0x18 build/obj/can.o
 .debug_line    0x0000000000000000       0xa6 build/obj/can.o
 .debug_str     0x0000000000000000      0x1c9 build/obj/can.o
 .comment       0x0000000000000000       0x2c build/obj/can.o
 .ARM.attributes
                0x0000000000000000       0x33 build/obj/can.o
 .text          0x0000000000000000        0x0 build/obj/ext.o
 .data          0x0000000000000000        0x0 build/obj/ext.o
 .bss           0x0000000000000000        0x0 build/obj/ext.o
 .debug_info    0x0000000000000000       0xa0 build/obj/ext.o
 .debug_abbrev  0x0000000000000000       0x4b build/obj/ext.o
 .debug_aranges
                0x0000000000000000       0x18 build/obj/ext.o
 .debug_line    0x0000000000000000       0xa6 build/obj/ext.o
 .debug_str     0x0000000000000000      0x1c9 build/obj/ext.o
 .comment       0x0000000000000000       0x2c build/obj/ext.o
 .ARM.attributes
                0x0000000000000000       0x33 build/obj/ext.o
 .text          0x0000000000000000        0x0 build/obj/gpt.o
 .data          0x0000000000000000        0x0 build/obj/gpt.o
 .bss           0x0000000000000000        0x0 build/obj/gpt.o
 .debug_info    0x0000000000000000       0xa0 build/obj/gpt.o
 .debug_abbrev  0x0000000000000000       0x4b build/obj/gpt.o
 .debug_aranges
                0x0000000000000000       0x18 build/obj/gpt.o
 .debug_line    0x0000000000000000       0xa6 build/obj/gpt.o
 .debug_str     0x0000000000000000      0x1c9 build/obj/gpt.o
 .comment       0x0000000000000000       0x2c build/obj/gpt.o
 .ARM.attributes
                0x0000000000000000       0x33 build/obj/gpt.o
 .text          0x0000000000000000        0x0 build/obj/i2c.o
 .data          0x0000000000000000        0x0 build/obj/i2c.o
 .bss           0x0000000000000000        0x0 build/obj/i2c.o
 .debug_info    0x0000000000000000       0xa0 build/obj/i2c.o
 .debug_abbrev  0x0000000000000000       0x4b build/obj/i2c.o
 .debug_aranges
                0x0000000000000000       0x18 build/obj/i2c.o
 .debug_line    0x0000000000000000       0xa6 build/obj/i2c.o
 .debug_str     0x0000000000000000      0x1c9 build/obj/i2c.o
 .comment       0x0000000000000000       0x2c build/obj/i2c.o
 .ARM.attributes
                0x0000000000000000       0x33 build/obj/i2c.o
 .text          0x0000000000000000        0x0 build/obj/icu.o
 .data          0x0000000000000000        0x0 build/obj/icu.o
 .bss           0x0000000000000000        0x0 build/obj/icu.o
 .debug_info    0x0000000000000000       0xa0 build/obj/icu.o
 .debug_abbrev  0x0000000000000000       0x4b build/obj/icu.o
 .debug_aranges
                0x0000000000000000       0x18 build/obj/icu.o
 .debug_line    0x0000000000000000       0xa6 build/obj/icu.o
 .debug_str     0x0000000000000000      0x1c9 build/obj/icu.o
 .comment       0x0000000000000000       0x2c build/obj/icu.o
 .ARM.attributes
                0x0000000000000000       0x33 build/obj/icu.o
 .text          0x0000000000000000        0x0 build/obj/mac.o
 .data          0x0000000000000000        0x0 build/obj/mac.o
 .bss           0x0000000000000000        0x0 build/obj/mac.o
 .debug_info    0x0000000000000000       0xa0 build/obj/mac.o
 .debug_abbrev  0x0000000000000000       0x4b build/obj/mac.o
 .debug_aranges
                0x0000000000000000       0x18 build/obj/mac.o
 .debug_line    0x0000000000000000       0xa6 build/obj/mac.o
 .debug_str     0x0000000000000000      0x1c9 build/obj/mac.o
 .comment       0x0000000000000000       0x2c build/obj/mac.o
 .ARM.attributes
                0x0000000000000000       0x33 build/obj/mac.o
 .text          0x0000000000000000        0x0 build/obj/mmc_spi.o
 .data          0x0000000000000000        0x0 build/obj/mmc_spi.o
 .bss           0x0000000000000000        0x0 build/obj/mmc_spi.o
 .debug_info    0x0000000000000000       0xa0 build/obj/mmc_spi.o
 .debug_abbrev  0x0000000000000000       0x4b build/obj/mmc_spi.o
 .debug_aranges
                0x0000000000000000       0x18 build/obj/mmc_spi.o
 .debug_line    0x0000000000000000       0xa6 build/obj/mmc_spi.o
 .debug_str     0x0000000000000000      0x1cd build/obj/mmc_spi.o
 .comment       0x0000000000000000       0x2c build/obj/mmc_spi.o
 .ARM.attributes
                0x0000000000000000       0x33 build/obj/mmc_spi.o
 .text          0x0000000000000000        0x0 build/obj/mmcsd.o
 .data          0x0000000000000000        0x0 build/obj/mmcsd.o
 .bss           0x0000000000000000        0x0 build/obj/mmcsd.o
 .debug_info    0x0000000000000000       0xa0 build/obj/mmcsd.o
 .debug_abbrev  0x0000000000000000       0x4b build/obj/mmcsd.o
 .debug_aranges
                0x0000000000000000       0x18 build/obj/mmcsd.o
 .debug_line    0x0000000000000000       0xa6 build/obj/mmcsd.o
 .debug_str     0x0000000000000000      0x1cb build/obj/mmcsd.o
 .comment       0x0000000000000000       0x2c build/obj/mmcsd.o
 .ARM.attributes
                0x0000000000000000       0x33 build/obj/mmcsd.o
 .text          0x0000000000000000        0x0 build/obj/pal.o
 .data          0x0000000000000000        0x0 build/obj/pal.o
 .bss           0x0000000000000000        0x0 build/obj/pal.o
 .text.palReadBus
                0x0000000000000000       0x10 build/obj/pal.o
 .text.palWriteBus
                0x0000000000000000       0x20 build/obj/pal.o
 .text.palSetBusMode
                0x0000000000000000       0x20 build/obj/pal.o
 .debug_info    0x0000000000000000      0x46b build/obj/pal.o
 .debug_abbrev  0x0000000000000000      0x1ab build/obj/pal.o
 .debug_loc     0x0000000000000000       0x6e build/obj/pal.o
 .debug_aranges
                0x0000000000000000       0x30 build/obj/pal.o
 .debug_ranges  0x0000000000000000       0x20 build/obj/pal.o
 .debug_line    0x0000000000000000      0x174 build/obj/pal.o
 .debug_str     0x0000000000000000      0x2f9 build/obj/pal.o
 .comment       0x0000000000000000       0x2c build/obj/pal.o
 .ARM.attributes
                0x0000000000000000       0x33 build/obj/pal.o
 .debug_frame   0x0000000000000000       0x50 build/obj/pal.o
 .text          0x0000000000000000        0x0 build/obj/pwm.o
 .data          0x0000000000000000        0x0 build/obj/pwm.o
 .bss           0x0000000000000000        0x0 build/obj/pwm.o
 .debug_info    0x0000000000000000       0xa0 build/obj/pwm.o
 .debug_abbrev  0x0000000000000000       0x4b build/obj/pwm.o
 .debug_aranges
                0x0000000000000000       0x18 build/obj/pwm.o
 .debug_line    0x0000000000000000       0xa6 build/obj/pwm.o
 .debug_str     0x0000000000000000      0x1c9 build/obj/pwm.o
 .comment       0x0000000000000000       0x2c build/obj/pwm.o
 .ARM.attributes
                0x0000000000000000       0x33 build/obj/pwm.o
 .text          0x0000000000000000        0x0 build/obj/rtc.o
 .data          0x0000000000000000        0x0 build/obj/rtc.o
 .bss           0x0000000000000000        0x0 build/obj/rtc.o
 .debug_info    0x0000000000000000       0xa0 build/obj/rtc.o
 .debug_abbrev  0x0000000000000000       0x4b build/obj/rtc.o
 .debug_aranges
                0x0000000000000000       0x18 build/obj/rtc.o
 .debug_line    0x0000000000000000       0xa6 build/obj/rtc.o
 .debug_str     0x0000000000000000      0x1c9 build/obj/rtc.o
 .comment       0x0000000000000000       0x2c build/obj/rtc.o
 .ARM.attributes
                0x0000000000000000       0x33 build/obj/rtc.o
 .text          0x0000000000000000        0x0 build/obj/sdc.o
 .data          0x0000000000000000        0x0 build/obj/sdc.o
 .bss           0x0000000000000000        0x0 build/obj/sdc.o
 .debug_info    0x0000000000000000       0xa0 build/obj/sdc.o
 .debug_abbrev  0x0000000000000000       0x4b build/obj/sdc.o
 .debug_aranges
                0x0000000000000000       0x18 build/obj/sdc.o
 .debug_line    0x0000000000000000       0xa6 build/obj/sdc.o
 .debug_str     0x0000000000000000      0x1c9 build/obj/sdc.o
 .comment       0x0000000000000000       0x2c build/obj/sdc.o
 .ARM.attributes
                0x0000000000000000       0x33 build/obj/sdc.o
 .text          0x0000000000000000        0x0 build/obj/serial.o
 .data          0x0000000000000000        0x0 build/obj/serial.o
 .bss           0x0000000000000000        0x0 build/obj/serial.o
 .debug_info    0x0000000000000000       0xa0 build/obj/serial.o
 .debug_abbrev  0x0000000000000000       0x4b build/obj/serial.o
 .debug_aranges
                0x0000000000000000       0x18 build/obj/serial.o
 .debug_line    0x0000000000000000       0xa6 build/obj/serial.o
 .debug_str     0x0000000000000000      0x1cc build/obj/serial.o
 .comment       0x0000000000000000       0x2c build/obj/serial.o
 .ARM.attributes
                0x0000000000000000       0x33 build/obj/serial.o
 .text          0x0000000000000000        0x0 build/obj/serial_usb.o
 .data          0x0000000000000000        0x0 build/obj/serial_usb.o
 .bss           0x0000000000000000        0x0 build/obj/serial_usb.o
 .debug_info    0x0000000000000000       0xa0 build/obj/serial_usb.o
 .debug_abbrev  0x0000000000000000       0x4b build/obj/serial_usb.o
 .debug_aranges
                0x0000000000000000       0x18 build/obj/serial_usb.o
 .debug_line    0x0000000000000000       0xa6 build/obj/serial_usb.o
 .debug_str     0x0000000000000000      0x1d0 build/obj/serial_usb.o
 .comment       0x0000000000000000       0x2c build/obj/serial_usb.o
 .ARM.attributes
                0x0000000000000000       0x33 build/obj/serial_usb.o
 .text          0x0000000000000000        0x0 build/obj/spi.o
 .data          0x0000000000000000        0x0 build/obj/spi.o
 .bss           0x0000000000000000        0x0 build/obj/spi.o
 .debug_info    0x0000000000000000       0xa0 build/obj/spi.o
 .debug_abbrev  0x0000000000000000       0x4b build/obj/spi.o
 .debug_aranges
                0x0000000000000000       0x18 build/obj/spi.o
 .debug_line    0x0000000000000000       0xa6 build/obj/spi.o
 .debug_str     0x0000000000000000      0x1c9 build/obj/spi.o
 .comment       0x0000000000000000       0x2c build/obj/spi.o
 .ARM.attributes
                0x0000000000000000       0x33 build/obj/spi.o
 .text          0x0000000000000000        0x0 build/obj/tm.o
 .data          0x0000000000000000        0x0 build/obj/tm.o
 .bss           0x0000000000000000        0x0 build/obj/tm.o
 .debug_info    0x0000000000000000       0xa0 build/obj/tm.o
 .debug_abbrev  0x0000000000000000       0x4b build/obj/tm.o
 .debug_aranges
                0x0000000000000000       0x18 build/obj/tm.o
 .debug_line    0x0000000000000000       0xa6 build/obj/tm.o
 .debug_str     0x0000000000000000      0x1c8 build/obj/tm.o
 .comment       0x0000000000000000       0x2c build/obj/tm.o
 .ARM.attributes
                0x0000000000000000       0x33 build/obj/tm.o
 .text          0x0000000000000000        0x0 build/obj/uart.o
 .data          0x0000000000000000        0x0 build/obj/uart.o
 .bss           0x0000000000000000        0x0 build/obj/uart.o
 .debug_info    0x0000000000000000       0xa0 build/obj/uart.o
 .debug_abbrev  0x0000000000000000       0x4b build/obj/uart.o
 .debug_aranges
                0x0000000000000000       0x18 build/obj/uart.o
 .debug_line    0x0000000000000000       0xa6 build/obj/uart.o
 .debug_str     0x0000000000000000      0x1ca build/obj/uart.o
 .comment       0x0000000000000000       0x2c build/obj/uart.o
 .ARM.attributes
                0x0000000000000000       0x33 build/obj/uart.o
 .text          0x0000000000000000        0x0 build/obj/usb.o
 .data          0x0000000000000000        0x0 build/obj/usb.o
 .bss           0x0000000000000000        0x0 build/obj/usb.o
 .debug_info    0x0000000000000000       0xa0 build/obj/usb.o
 .debug_abbrev  0x0000000000000000       0x4b build/obj/usb.o
 .debug_aranges
                0x0000000000000000       0x18 build/obj/usb.o
 .debug_line    0x0000000000000000       0xa6 build/obj/usb.o
 .debug_str     0x0000000000000000      0x1c9 build/obj/usb.o
 .comment       0x0000000000000000       0x2c build/obj/usb.o
 .ARM.attributes
                0x0000000000000000       0x33 build/obj/usb.o
 .text          0x0000000000000000        0x0 build/obj/hal_lld.o
 .data          0x0000000000000000        0x0 build/obj/hal_lld.o
 .bss           0x0000000000000000        0x0 build/obj/hal_lld.o
 .text          0x0000000000000000        0x0 build/obj/pal_lld.o
 .data          0x0000000000000000        0x0 build/obj/pal_lld.o
 .bss           0x0000000000000000        0x0 build/obj/pal_lld.o
 .text.gpio_init
                0x0000000000000000       0x70 build/obj/pal_lld.o
 .text._pal_lld_setgroupmode
                0x0000000000000000       0x10 build/obj/pal_lld.o
 .text          0x0000000000000000        0x0 build/obj/board.o
 .data          0x0000000000000000        0x0 build/obj/board.o
 .bss           0x0000000000000000        0x0 build/obj/board.o
 .text          0x0000000000000000        0x0 build/obj/main.o
 .data          0x0000000000000000        0x0 build/obj/main.o
 .bss           0x0000000000000000        0x0 build/obj/main.o

Memory Configuration

Name             Origin             Length             Attributes
flash            0x0000000000000000 0x0000000000100000
ram              0x0000000020000000 0x0000000000040000
*default*        0x0000000000000000 0xffffffffffffffff

Linker script and memory map

LOAD build/obj/crt0.o
LOAD build/obj/vectors.o
LOAD build/obj/chcore.o
LOAD build/obj/chcore_v7m.o
LOAD build/obj/nvic.o
LOAD build/obj/chsys.o
LOAD build/obj/chdebug.o
LOAD build/obj/chlists.o
LOAD build/obj/chvt.o
LOAD build/obj/chschd.o
LOAD build/obj/chthreads.o
LOAD build/obj/chdynamic.o
LOAD build/obj/chregistry.o
LOAD build/obj/chsem.o
LOAD build/obj/chmtx.o
LOAD build/obj/chcond.o
LOAD build/obj/chevents.o
LOAD build/obj/chmsg.o
LOAD build/obj/chmboxes.o
LOAD build/obj/chqueues.o
LOAD build/obj/chmemcore.o
LOAD build/obj/chheap.o
LOAD build/obj/chmempools.o
LOAD build/obj/hal.o
LOAD build/obj/adc.o
LOAD build/obj/can.o
LOAD build/obj/ext.o
LOAD build/obj/gpt.o
LOAD build/obj/i2c.o
LOAD build/obj/icu.o
LOAD build/obj/mac.o
LOAD build/obj/mmc_spi.o
LOAD build/obj/mmcsd.o
LOAD build/obj/pal.o
LOAD build/obj/pwm.o
LOAD build/obj/rtc.o
LOAD build/obj/sdc.o
LOAD build/obj/serial.o
LOAD build/obj/serial_usb.o
LOAD build/obj/spi.o
LOAD build/obj/tm.o
LOAD build/obj/uart.o
LOAD build/obj/usb.o
LOAD build/obj/hal_lld.o
LOAD build/obj/pal_lld.o
LOAD build/obj/board.o
LOAD build/obj/main.o
                0x0000000020000000                __ram_start__ = ORIGIN (ram)
                0x0000000000040000                __ram_size__ = 0x40000
                0x0000000020040000                __ram_end__ = (__ram_start__ + __ram_size__)
                0x0000000000000000                . = 0x0
                0x0000000000000000                _text = .

startup         0x0000000000000000      0x200
 *(vectors)
 vectors        0x0000000000000000      0x200 build/obj/vectors.o
                0x0000000000000000                _vectors

constructors    0x0000000000000200        0x0
                0x0000000000000200                PROVIDE (__init_array_start, .)
 *(SORT(.init_array.*))
 *(.init_array)
                0x0000000000000200                PROVIDE (__init_array_end, .)

destructors     0x0000000000000200        0x0
                0x0000000000000200                PROVIDE (__fini_array_start, .)
 *(.fini_array)
 *(SORT(.fini_array.*))
                0x0000000000000200                PROVIDE (__fini_array_end, .)

.text           0x0000000000000200      0xf6c
 *(.text.startup.*)
 .text.startup.main
                0x0000000000000200       0x20 build/obj/main.o
                0x0000000000000200                main
 *(.text)
 *(.text.*)
 .text.__late_init
                0x0000000000000220       0x10 build/obj/crt0.o
                0x0000000000000220                __late_init
 .text._default_exit
                0x0000000000000230       0x10 build/obj/crt0.o
                0x0000000000000230                _default_exit
 .text.Reset_Handler
                0x0000000000000240      0x100 build/obj/crt0.o
                0x0000000000000240                Reset_Handler
 .text._unhandled_exception
                0x0000000000000340       0x10 build/obj/vectors.o
                0x0000000000000340                Vector58
                0x0000000000000340                VectorE8
                0x0000000000000340                Vector9C
                0x0000000000000340                VectorAC
                0x0000000000000340                DebugMon_Handler
                0x0000000000000340                Vector1A0
                0x0000000000000340                Vector5C
                0x0000000000000340                Vector11C
                0x0000000000000340                HardFault_Handler
                0x0000000000000340                Vector1B8
                0x0000000000000340                Vector1F0
                0x0000000000000340                Vector19C
                0x0000000000000340                Vector1EC
                0x0000000000000340                Vector8C
                0x0000000000000340                SysTick_Handler
                0x0000000000000340                VectorDC
                0x0000000000000340                PendSV_Handler
                0x0000000000000340                Vector168
                0x0000000000000340                NMI_Handler
                0x0000000000000340                Vector110
                0x0000000000000340                Vector120
                0x0000000000000340                Vector1D8
                0x0000000000000340                Vector1F4
                0x0000000000000340                VectorC8
                0x0000000000000340                Vector94
                0x0000000000000340                VectorA8
                0x0000000000000340                VectorB4
                0x0000000000000340                Vector1FC
                0x0000000000000340                Vector74
                0x0000000000000340                Vector160
                0x0000000000000340                Vector1B0
                0x0000000000000340                UsageFault_Handler
                0x0000000000000340                VectorEC
                0x0000000000000340                Vector40
                0x0000000000000340                VectorF8
                0x0000000000000340                Vector108
                0x0000000000000340                VectorBC
                0x0000000000000340                Vector190
                0x0000000000000340                Vector1E0
                0x0000000000000340                Vector150
                0x0000000000000340                Vector1F8
                0x0000000000000340                Vector124
                0x0000000000000340                Vector1C4
                0x0000000000000340                Vector1CC
                0x0000000000000340                Vector1E4
                0x0000000000000340                Vector148
                0x0000000000000340                Vector188
                0x0000000000000340                Vector198
                0x0000000000000340                Vector118
                0x0000000000000340                Vector64
                0x0000000000000340                VectorCC
                0x0000000000000340                Vector54
                0x0000000000000340                Vector98
                0x0000000000000340                VectorD8
                0x0000000000000340                Vector138
                0x0000000000000340                Vector24
                0x0000000000000340                Vector1AC
                0x0000000000000340                Vector178
                0x0000000000000340                Vector84
                0x0000000000000340                Vector1A4
                0x0000000000000340                VectorD0
                0x0000000000000340                Vector1B4
                0x0000000000000340                Vector140
                0x0000000000000340                VectorE4
                0x0000000000000340                VectorC0
                0x0000000000000340                Vector158
                0x0000000000000340                Vector130
                0x0000000000000340                Vector1C0
                0x0000000000000340                Vector134
                0x0000000000000340                Vector1D0
                0x0000000000000340                VectorF0
                0x0000000000000340                Vector12C
                0x0000000000000340                Vector13C
                0x0000000000000340                Vector100
                0x0000000000000340                VectorE0
                0x0000000000000340                VectorF4
                0x0000000000000340                MemManage_Handler
                0x0000000000000340                Vector6C
                0x0000000000000340                VectorA0
                0x0000000000000340                SVC_Handler
                0x0000000000000340                VectorC4
                0x0000000000000340                Vector7C
                0x0000000000000340                Vector180
                0x0000000000000340                VectorB0
                0x0000000000000340                Vector90
                0x0000000000000340                Vector114
                0x0000000000000340                Vector164
                0x0000000000000340                Vector60
                0x0000000000000340                Vector1C
                0x0000000000000340                Vector1BC
                0x0000000000000340                Vector1D4
                0x0000000000000340                Vector17C
                0x0000000000000340                Vector48
                0x0000000000000340                Vector1A8
                0x0000000000000340                Vector16C
                0x0000000000000340                Vector70
                0x0000000000000340                VectorD4
                0x0000000000000340                Vector4C
                0x0000000000000340                Vector144
                0x0000000000000340                Vector80
                0x0000000000000340                Vector15C
                0x0000000000000340                Vector68
                0x0000000000000340                Vector78
                0x0000000000000340                Vector1E8
                0x0000000000000340                _unhandled_exception
                0x0000000000000340                Vector170
                0x0000000000000340                Vector88
                0x0000000000000340                Vector104
                0x0000000000000340                Vector184
                0x0000000000000340                Vector10C
                0x0000000000000340                Vector14C
                0x0000000000000340                BusFault_Handler
                0x0000000000000340                Vector50
                0x0000000000000340                Vector1C8
                0x0000000000000340                Vector194
                0x0000000000000340                Vector1DC
                0x0000000000000340                Vector154
                0x0000000000000340                Vector44
                0x0000000000000340                Vector28
                0x0000000000000340                VectorB8
                0x0000000000000340                VectorFC
                0x0000000000000340                Vector34
                0x0000000000000340                Vector128
                0x0000000000000340                VectorA4
                0x0000000000000340                Vector20
                0x0000000000000340                Vector18C
                0x0000000000000340                Vector174
 .text._port_init
                0x0000000000000350       0x30 build/obj/chcore_v7m.o
                0x0000000000000350                _port_init
 .text._port_switch
                0x0000000000000380       0x10 build/obj/chcore_v7m.o
                0x0000000000000380                _port_switch
 .text._port_thread_start
                0x0000000000000390       0x10 build/obj/chcore_v7m.o
                0x0000000000000390                _port_thread_start
 .text.nvicSetSystemHandlerPriority
                0x00000000000003a0       0x30 build/obj/nvic.o
                0x00000000000003a0                nvicSetSystemHandlerPriority
 .text._idle_thread
                0x00000000000003d0       0x20 build/obj/chsys.o
                0x00000000000003d0                _idle_thread
 .text.chSysInit
                0x00000000000003f0       0x60 build/obj/chsys.o
                0x00000000000003f0                chSysInit
 .text._vt_init
                0x0000000000000450       0x20 build/obj/chvt.o
                0x0000000000000450                _vt_init
 .text._scheduler_init
                0x0000000000000470       0x20 build/obj/chschd.o
                0x0000000000000470                _scheduler_init
 .text.chSchReadyI
                0x0000000000000490       0x30 build/obj/chschd.o
                0x0000000000000490                chSchReadyI
 .text.chSchGoSleepS
                0x00000000000004c0       0x30 build/obj/chschd.o
                0x00000000000004c0                chSchGoSleepS
 .text.chSchWakeupS
                0x00000000000004f0       0x60 build/obj/chschd.o
                0x00000000000004f0                chSchWakeupS
 .text._thread_init
                0x0000000000000550       0x50 build/obj/chthreads.o
                0x0000000000000550                _thread_init
 .text.chThdCreateStatic
                0x00000000000005a0       0x80 build/obj/chthreads.o
                0x00000000000005a0                chThdCreateStatic
 .text.chThdExitS
                0x0000000000000620       0x40 build/obj/chthreads.o
                0x0000000000000620                chThdExitS
 .text.chThdExit
                0x0000000000000660       0x10 build/obj/chthreads.o
                0x0000000000000660                chThdExit
 .text.chMtxInit
                0x0000000000000670       0x10 build/obj/chmtx.o
                0x0000000000000670                chMtxInit
 .text._core_init
                0x0000000000000680       0x30 build/obj/chmemcore.o
                0x0000000000000680                _core_init
 .text.chCoreAlloc
                0x00000000000006b0       0x40 build/obj/chmemcore.o
                0x00000000000006b0                chCoreAlloc
 .text._heap_init
                0x00000000000006f0       0x20 build/obj/chheap.o
                0x00000000000006f0                _heap_init
 .text.halInit  0x0000000000000710       0x20 build/obj/hal.o
                0x0000000000000710                halInit
 .text.hal_lld_init
                0x0000000000000730       0x10 build/obj/hal_lld.o
                0x0000000000000730                hal_lld_init
 .text.tiva_clock_init
                0x0000000000000740       0x60 build/obj/hal_lld.o
                0x0000000000000740                tiva_clock_init
 .text._pal_lld_init
                0x00000000000007a0      0x670 build/obj/pal_lld.o
                0x00000000000007a0                _pal_lld_init
 .text.__early_init
                0x0000000000000e10       0x10 build/obj/board.o
                0x0000000000000e10                __early_init
 .text.boardInit
                0x0000000000000e20       0x10 build/obj/board.o
                0x0000000000000e20                boardInit
 *(.rodata)
 *(.rodata.*)
 .rodata.str1.4
                0x0000000000000e30        0x8 build/obj/chsys.o
 *fill*         0x0000000000000e38        0x8 
 .rodata.ch_debug
                0x0000000000000e40       0x18 build/obj/chregistry.o
                0x0000000000000e40                ch_debug
 *fill*         0x0000000000000e58        0x8 
 .rodata.pal_default_config
                0x0000000000000e60      0x30c build/obj/board.o
                0x0000000000000e60                pal_default_config
 *(.glue_7t)
 .glue_7t       0x000000000000116c        0x0 linker stubs
 *(.glue_7)
 .glue_7        0x000000000000116c        0x0 linker stubs
 *(.gcc*)

.vfp11_veneer   0x000000000000116c        0x0
 .vfp11_veneer  0x000000000000116c        0x0 linker stubs

.v4_bx          0x000000000000116c        0x0
 .v4_bx         0x000000000000116c        0x0 linker stubs

.iplt           0x000000000000116c        0x0
 .iplt          0x000000000000116c        0x0 build/obj/crt0.o

.rel.dyn        0x000000000000116c        0x0
 .rel.iplt      0x000000000000116c        0x0 build/obj/crt0.o

.ARM.extab
 *(.ARM.extab* .gnu.linkonce.armextab.*)

.ARM.exidx      0x000000000000116c        0x0
                0x000000000000116c                PROVIDE (__exidx_start, .)
 *(.ARM.exidx* .gnu.linkonce.armexidx.*)
                0x000000000000116c                PROVIDE (__exidx_end, .)

.eh_frame_hdr
 *(.eh_frame_hdr)

.eh_frame
 *(.eh_frame)

.textalign      0x000000000000116c        0x4
                0x0000000000001170                . = ALIGN (0x8)
 *fill*         0x000000000000116c        0x4 
                0x0000000000001170                . = ALIGN (0x4)
                0x0000000000001170                _etext = .
                0x0000000000001170                _textdata = _etext

.stacks         0x0000000020000000      0x800
                0x0000000020000000                . = ALIGN (0x8)
                0x0000000020000000                __main_stack_base__ = .
                0x0000000020000400                . = (. + __main_stack_size__)
 *fill*         0x0000000020000000      0x400 
                0x0000000020000400                . = ALIGN (0x8)
                0x0000000020000400                __main_stack_end__ = .
                0x0000000020000400                __process_stack_base__ = .
                0x0000000020000400                __main_thread_stack_base__ = .
                0x0000000020000800                . = (. + __process_stack_size__)
 *fill*         0x0000000020000400      0x400 
                0x0000000020000800                . = ALIGN (0x8)
                0x0000000020000800                __process_stack_end__ = .
                0x0000000020000800                __main_thread_stack_end__ = .

.data           0x0000000020000800        0x0 load address 0x0000000000001170
                0x0000000020000800                . = ALIGN (0x4)
                0x0000000020000800                PROVIDE (_data, .)
 *(.data)
 *(.data.*)
 *(.ramtext)
                0x0000000020000800                . = ALIGN (0x4)
                0x0000000020000800                PROVIDE (_edata, .)

.igot.plt       0x0000000020000800        0x0 load address 0x0000000000001170
 .igot.plt      0x0000000020000800        0x0 build/obj/crt0.o

.bss            0x0000000020000800      0x180
                0x0000000020000800                . = ALIGN (0x4)
                0x0000000020000800                PROVIDE (_bss_start, .)
 *(.bss)
 *(.bss.*)
 .bss.mainthread.6248
                0x0000000020000800       0x48 build/obj/chsys.o
 .bss._idle_thread_wa
                0x0000000020000848       0xe0 build/obj/chsys.o
                0x0000000020000848                _idle_thread_wa
 .bss.vtlist    0x0000000020000928       0x10 build/obj/chvt.o
                0x0000000020000928                vtlist
 .bss.rlist     0x0000000020000938       0x1c build/obj/chschd.o
                0x0000000020000938                rlist
 .bss.endmem    0x0000000020000954        0x4 build/obj/chmemcore.o
 .bss.nextmem   0x0000000020000958        0x4 build/obj/chmemcore.o
 *fill*         0x000000002000095c        0x4 
 .bss.default_heap
                0x0000000020000960       0x20 build/obj/chheap.o
 *(COMMON)
                0x0000000020000980                . = ALIGN (0x4)
                0x0000000020000980                PROVIDE (_bss_end, .)
                0x0000000020000980                PROVIDE (end, .)
                0x0000000020000980                _end = .
                0x0000000020000980                __heap_base__ = _end
                0x0000000020040000                __heap_end__ = __ram_end__
                0x0000000000000400                __process_stack_size__ = 0x400
                0x0000000000000400                __main_stack_size__ = 0x400
START GROUP
LOAD /usr/lib/gcc/arm-none-eabi/4.8/armv7e-m/libgcc.a
LOAD /usr/lib/gcc/arm-none-eabi/4.8/../../../arm-none-eabi/lib/armv7e-m/libg.a
LOAD /usr/lib/gcc/arm-none-eabi/4.8/../../../arm-none-eabi/lib/armv7e-m/libc.a
END GROUP
OUTPUT(build/ch.elf elf32-littlearm)

.debug_info     0x0000000000000000     0x7b52
 .debug_info    0x0000000000000000      0x2b6 build/obj/crt0.o
 .debug_info    0x00000000000002b6      0x1e7 build/obj/vectors.o
 .debug_info    0x000000000000049d      0x7f1 build/obj/chcore_v7m.o
 .debug_info    0x0000000000000c8e      0x431 build/obj/nvic.o
 .debug_info    0x00000000000010bf      0x821 build/obj/chsys.o
 .debug_info    0x00000000000018e0      0x22a build/obj/chvt.o
 .debug_info    0x0000000000001b0a      0x965 build/obj/chschd.o
 .debug_info    0x000000000000246f      0xbec build/obj/chthreads.o
 .debug_info    0x000000000000305b      0x623 build/obj/chregistry.o
 .debug_info    0x000000000000367e      0x9ce build/obj/chmtx.o
 .debug_info    0x000000000000404c      0x248 build/obj/chmemcore.o
 .debug_info    0x0000000000004294      0x6f4 build/obj/chheap.o
 .debug_info    0x0000000000004988      0x2ab build/obj/hal.o
 .debug_info    0x0000000000004c33     0x10fd build/obj/hal_lld.o
 .debug_info    0x0000000000005d30     0x1814 build/obj/pal_lld.o
 .debug_info    0x0000000000007544      0x28f build/obj/board.o
 .debug_info    0x00000000000077d3      0x37f build/obj/main.o

.debug_abbrev   0x0000000000000000     0x1c78
 .debug_abbrev  0x0000000000000000       0xe5 build/obj/crt0.o
 .debug_abbrev  0x00000000000000e5       0xc7 build/obj/vectors.o
 .debug_abbrev  0x00000000000001ac      0x1c1 build/obj/chcore_v7m.o
 .debug_abbrev  0x000000000000036d      0x107 build/obj/nvic.o
 .debug_abbrev  0x0000000000000474      0x21f build/obj/chsys.o
 .debug_abbrev  0x0000000000000693      0x128 build/obj/chvt.o
 .debug_abbrev  0x00000000000007bb      0x324 build/obj/chschd.o
 .debug_abbrev  0x0000000000000adf      0x360 build/obj/chthreads.o
 .debug_abbrev  0x0000000000000e3f      0x198 build/obj/chregistry.o
 .debug_abbrev  0x0000000000000fd7      0x30b build/obj/chmtx.o
 .debug_abbrev  0x00000000000012e2      0x17c build/obj/chmemcore.o
 .debug_abbrev  0x000000000000145e      0x1f8 build/obj/chheap.o
 .debug_abbrev  0x0000000000001656      0x104 build/obj/hal.o
 .debug_abbrev  0x000000000000175a       0xff build/obj/hal_lld.o
 .debug_abbrev  0x0000000000001859      0x206 build/obj/pal_lld.o
 .debug_abbrev  0x0000000000001a5f       0xff build/obj/board.o
 .debug_abbrev  0x0000000000001b5e      0x11a build/obj/main.o

.debug_loc      0x0000000000000000     0x1327
 .debug_loc     0x0000000000000000       0xde build/obj/crt0.o
 .debug_loc     0x00000000000000de       0x4d build/obj/chcore_v7m.o
 .debug_loc     0x000000000000012b      0x159 build/obj/nvic.o
 .debug_loc     0x0000000000000284       0x31 build/obj/chsys.o
 .debug_loc     0x00000000000002b5       0x67 build/obj/chvt.o
 .debug_loc     0x000000000000031c      0x2c6 build/obj/chschd.o
 .debug_loc     0x00000000000005e2      0x401 build/obj/chthreads.o
 .debug_loc     0x00000000000009e3       0x3f build/obj/chregistry.o
 .debug_loc     0x0000000000000a22      0x407 build/obj/chmtx.o
 .debug_loc     0x0000000000000e29       0xcc build/obj/chmemcore.o
 .debug_loc     0x0000000000000ef5      0x3ae build/obj/chheap.o
 .debug_loc     0x00000000000012a3       0x63 build/obj/hal_lld.o
 .debug_loc     0x0000000000001306       0x21 build/obj/pal_lld.o

.debug_aranges  0x0000000000000000      0x3d0
 .debug_aranges
                0x0000000000000000       0x38 build/obj/crt0.o
 .debug_aranges
                0x0000000000000038       0x20 build/obj/vectors.o
 .debug_aranges
                0x0000000000000058       0x50 build/obj/chcore_v7m.o
 .debug_aranges
                0x00000000000000a8       0x30 build/obj/nvic.o
 .debug_aranges
                0x00000000000000d8       0x30 build/obj/chsys.o
 .debug_aranges
                0x0000000000000108       0x30 build/obj/chvt.o
 .debug_aranges
                0x0000000000000138       0x68 build/obj/chschd.o
 .debug_aranges
                0x00000000000001a0       0x78 build/obj/chthreads.o
 .debug_aranges
                0x0000000000000218       0x28 build/obj/chregistry.o
 .debug_aranges
                0x0000000000000240       0x58 build/obj/chmtx.o
 .debug_aranges
                0x0000000000000298       0x38 build/obj/chmemcore.o
 .debug_aranges
                0x00000000000002d0       0x40 build/obj/chheap.o
 .debug_aranges
                0x0000000000000310       0x20 build/obj/hal.o
 .debug_aranges
                0x0000000000000330       0x28 build/obj/hal_lld.o
 .debug_aranges
                0x0000000000000358       0x30 build/obj/pal_lld.o
 .debug_aranges
                0x0000000000000388       0x28 build/obj/board.o
 .debug_aranges
                0x00000000000003b0       0x20 build/obj/main.o

.debug_ranges   0x0000000000000000      0x668
 .debug_ranges  0x0000000000000000       0x58 build/obj/crt0.o
 .debug_ranges  0x0000000000000058       0x10 build/obj/vectors.o
 .debug_ranges  0x0000000000000068       0x40 build/obj/chcore_v7m.o
 .debug_ranges  0x00000000000000a8       0x20 build/obj/nvic.o
 .debug_ranges  0x00000000000000c8       0x38 build/obj/chsys.o
 .debug_ranges  0x0000000000000100       0x20 build/obj/chvt.o
 .debug_ranges  0x0000000000000120      0x160 build/obj/chschd.o
 .debug_ranges  0x0000000000000280      0x120 build/obj/chthreads.o
 .debug_ranges  0x00000000000003a0       0x18 build/obj/chregistry.o
 .debug_ranges  0x00000000000003b8      0x168 build/obj/chmtx.o
 .debug_ranges  0x0000000000000520       0x28 build/obj/chmemcore.o
 .debug_ranges  0x0000000000000548       0x30 build/obj/chheap.o
 .debug_ranges  0x0000000000000578       0x10 build/obj/hal.o
 .debug_ranges  0x0000000000000588       0x18 build/obj/hal_lld.o
 .debug_ranges  0x00000000000005a0       0xa0 build/obj/pal_lld.o
 .debug_ranges  0x0000000000000640       0x18 build/obj/board.o
 .debug_ranges  0x0000000000000658       0x10 build/obj/main.o

.debug_line     0x0000000000000000     0x1f9f
 .debug_line    0x0000000000000000      0x109 build/obj/crt0.o
 .debug_line    0x0000000000000109       0xdd build/obj/vectors.o
 .debug_line    0x00000000000001e6      0x207 build/obj/chcore_v7m.o
 .debug_line    0x00000000000003ed      0x123 build/obj/nvic.o
 .debug_line    0x0000000000000510      0x203 build/obj/chsys.o
 .debug_line    0x0000000000000713      0x15c build/obj/chvt.o
 .debug_line    0x000000000000086f      0x36c build/obj/chschd.o
 .debug_line    0x0000000000000bdb      0x399 build/obj/chthreads.o
 .debug_line    0x0000000000000f74      0x1cc build/obj/chregistry.o
 .debug_line    0x0000000000001140      0x339 build/obj/chmtx.o
 .debug_line    0x0000000000001479      0x15a build/obj/chmemcore.o
 .debug_line    0x00000000000015d3      0x270 build/obj/chheap.o
 .debug_line    0x0000000000001843      0x12d build/obj/hal.o
 .debug_line    0x0000000000001970      0x155 build/obj/hal_lld.o
 .debug_line    0x0000000000001ac5      0x28a build/obj/pal_lld.o
 .debug_line    0x0000000000001d4f      0x11e build/obj/board.o
 .debug_line    0x0000000000001e6d      0x132 build/obj/main.o

.debug_str      0x0000000000000000     0x1739
 .debug_str     0x0000000000000000      0x293 build/obj/crt0.o
                                        0x2d8 (size before relaxing)
 .debug_str     0x0000000000000293      0x153 build/obj/vectors.o
                                        0x309 (size before relaxing)
 .debug_str     0x00000000000003e6      0x2d4 build/obj/chcore_v7m.o
                                        0x4ad (size before relaxing)
 .debug_str     0x00000000000006ba       0x96 build/obj/nvic.o
                                        0x2e9 (size before relaxing)
 .debug_str     0x0000000000000750      0x209 build/obj/chsys.o
                                        0x59b (size before relaxing)
 .debug_str     0x0000000000000959       0x36 build/obj/chvt.o
                                        0x26a (size before relaxing)
 .debug_str     0x000000000000098f       0xdb build/obj/chschd.o
                                        0x4ba (size before relaxing)
 .debug_str     0x0000000000000a6a       0xd3 build/obj/chthreads.o
                                        0x525 (size before relaxing)
 .debug_str     0x0000000000000b3d       0x42 build/obj/chregistry.o
                                        0x4b3 (size before relaxing)
 .debug_str     0x0000000000000b7f       0x91 build/obj/chmtx.o
                                        0x43f (size before relaxing)
 .debug_str     0x0000000000000c10       0x70 build/obj/chmemcore.o
                                        0x25f (size before relaxing)
 .debug_str     0x0000000000000c80       0xb3 build/obj/chheap.o
                                        0x42e (size before relaxing)
 .debug_str     0x0000000000000d33       0xfc build/obj/hal.o
                                        0x2c7 (size before relaxing)
 .debug_str     0x0000000000000e2f      0x800 build/obj/hal_lld.o
                                        0x9dd (size before relaxing)
 .debug_str     0x000000000000162f       0xe9 build/obj/pal_lld.o
                                        0xb3c (size before relaxing)
 .debug_str     0x0000000000001718       0x1a build/obj/board.o
                                        0x2c4 (size before relaxing)
 .debug_str     0x0000000000001732        0x7 build/obj/main.o
                                        0x274 (size before relaxing)

.comment        0x0000000000000000       0x2b
 .comment       0x0000000000000000       0x2b build/obj/crt0.o
                                         0x2c (size before relaxing)
 .comment       0x000000000000002b       0x2c build/obj/vectors.o
 .comment       0x000000000000002b       0x2c build/obj/chcore_v7m.o
 .comment       0x000000000000002b       0x2c build/obj/nvic.o
 .comment       0x000000000000002b       0x2c build/obj/chsys.o
 .comment       0x000000000000002b       0x2c build/obj/chvt.o
 .comment       0x000000000000002b       0x2c build/obj/chschd.o
 .comment       0x000000000000002b       0x2c build/obj/chthreads.o
 .comment       0x000000000000002b       0x2c build/obj/chregistry.o
 .comment       0x000000000000002b       0x2c build/obj/chmtx.o
 .comment       0x000000000000002b       0x2c build/obj/chmemcore.o
 .comment       0x000000000000002b       0x2c build/obj/chheap.o
 .comment       0x000000000000002b       0x2c build/obj/hal.o
 .comment       0x000000000000002b       0x2c build/obj/hal_lld.o
 .comment       0x000000000000002b       0x2c build/obj/pal_lld.o
 .comment       0x000000000000002b       0x2c build/obj/board.o
 .comment       0x000000000000002b       0x2c build/obj/main.o

.ARM.attributes
                0x0000000000000000       0x33
 .ARM.attributes
                0x0000000000000000       0x33 build/obj/crt0.o
 .ARM.attributes
                0x0000000000000033       0x33 build/obj/vectors.o
 .ARM.attributes
                0x0000000000000066       0x33 build/obj/chcore_v7m.o
 .ARM.attributes
                0x0000000000000099       0x33 build/obj/nvic.o
 .ARM.attributes
                0x00000000000000cc       0x33 build/obj/chsys.o
 .ARM.attributes
                0x00000000000000ff       0x33 build/obj/chvt.o
 .ARM.attributes
                0x0000000000000132       0x33 build/obj/chschd.o
 .ARM.attributes
                0x0000000000000165       0x33 build/obj/chthreads.o
 .ARM.attributes
                0x0000000000000198       0x33 build/obj/chregistry.o
 .ARM.attributes
                0x00000000000001cb       0x33 build/obj/chmtx.o
 .ARM.attributes
                0x00000000000001fe       0x33 build/obj/chmemcore.o
 .ARM.attributes
                0x0000000000000231       0x33 build/obj/chheap.o
 .ARM.attributes
                0x0000000000000264       0x33 build/obj/hal.o
 .ARM.attributes
                0x0000000000000297       0x33 build/obj/hal_lld.o
 .ARM.attributes
                0x00000000000002ca       0x33 build/obj/pal_lld.o
 .ARM.attributes
                0x00000000000002fd       0x33 build/obj/board.o
 .ARM.attributes
                0x0000000000000330       0x33 build/obj/main.o

.debug_frame    0x0000000000000000      0x7c0
 .debug_frame   0x0000000000000000       0x50 build/obj/crt0.o
 .debug_frame   0x0000000000000050       0x20 build/obj/vectors.o
 .debug_frame   0x0000000000000070       0x98 build/obj/chcore_v7m.o
 .debug_frame   0x0000000000000108       0x64 build/obj/nvic.o
 .debug_frame   0x000000000000016c       0x5c build/obj/chsys.o
 .debug_frame   0x00000000000001c8       0x4c build/obj/chvt.o
 .debug_frame   0x0000000000000214      0x104 build/obj/chschd.o
 .debug_frame   0x0000000000000318      0x180 build/obj/chthreads.o
 .debug_frame   0x0000000000000498       0x3c build/obj/chregistry.o
 .debug_frame   0x00000000000004d4       0xdc build/obj/chmtx.o
 .debug_frame   0x00000000000005b0       0x50 build/obj/chmemcore.o
 .debug_frame   0x0000000000000600       0x98 build/obj/chheap.o
 .debug_frame   0x0000000000000698       0x2c build/obj/hal.o
 .debug_frame   0x00000000000006c4       0x38 build/obj/hal_lld.o
 .debug_frame   0x00000000000006fc       0x68 build/obj/pal_lld.o
 .debug_frame   0x0000000000000764       0x30 build/obj/board.o
 .debug_frame   0x0000000000000794       0x2c build/obj/main.o

Cross Reference Table

Symbol                                            File
BusFault_Handler                                  build/obj/vectors.o
DebugMon_Handler                                  build/obj/vectors.o
HardFault_Handler                                 build/obj/vectors.o
MemManage_Handler                                 build/obj/vectors.o
NMI_Handler                                       build/obj/vectors.o
PendSV_Handler                                    build/obj/vectors.o
Reset_Handler                                     build/obj/crt0.o
SVC_Handler                                       build/obj/vectors.o
SVCallVector                                      build/obj/chcore_v7m.o
SysTickVector                                     build/obj/chcore_v7m.o
SysTick_Handler                                   build/obj/vectors.o
UsageFault_Handler                                build/obj/vectors.o
Vector100                                         build/obj/vectors.o
Vector104                                         build/obj/vectors.o
Vector108                                         build/obj/vectors.o
Vector10C                                         build/obj/vectors.o
Vector110                                         build/obj/vectors.o
Vector114                                         build/obj/vectors.o
Vector118                                         build/obj/vectors.o
Vector11C                                         build/obj/vectors.o
Vector120                                         build/obj/vectors.o
Vector124                                         build/obj/vectors.o
Vector128                                         build/obj/vectors.o
Vector12C                                         build/obj/vectors.o
Vector130                                         build/obj/vectors.o
Vector134                                         build/obj/vectors.o
Vector138                                         build/obj/vectors.o
Vector13C                                         build/obj/vectors.o
Vector140                                         build/obj/vectors.o
Vector144                                         build/obj/vectors.o
Vector148                                         build/obj/vectors.o
Vector14C                                         build/obj/vectors.o
Vector150                                         build/obj/vectors.o
Vector154                                         build/obj/vectors.o
Vector158                                         build/obj/vectors.o
Vector15C                                         build/obj/vectors.o
Vector160                                         build/obj/vectors.o
Vector164                                         build/obj/vectors.o
Vector168                                         build/obj/vectors.o
Vector16C                                         build/obj/vectors.o
Vector170                                         build/obj/vectors.o
Vector174                                         build/obj/vectors.o
Vector178                                         build/obj/vectors.o
Vector17C                                         build/obj/vectors.o
Vector180                                         build/obj/vectors.o
Vector184                                         build/obj/vectors.o
Vector188                                         build/obj/vectors.o
Vector18C                                         build/obj/vectors.o
Vector190                                         build/obj/vectors.o
Vector194                                         build/obj/vectors.o
Vector198                                         build/obj/vectors.o
Vector19C                                         build/obj/vectors.o
Vector1A0                                         build/obj/vectors.o
Vector1A4                                         build/obj/vectors.o
Vector1A8                                         build/obj/vectors.o
Vector1AC                                         build/obj/vectors.o
Vector1B0                                         build/obj/vectors.o
Vector1B4                                         build/obj/vectors.o
Vector1B8                                         build/obj/vectors.o
Vector1BC                                         build/obj/vectors.o
Vector1C                                          build/obj/vectors.o
Vector1C0                                         build/obj/vectors.o
Vector1C4                                         build/obj/vectors.o
Vector1C8                                         build/obj/vectors.o
Vector1CC                                         build/obj/vectors.o
Vector1D0                                         build/obj/vectors.o
Vector1D4                                         build/obj/vectors.o
Vector1D8                                         build/obj/vectors.o
Vector1DC                                         build/obj/vectors.o
Vector1E0                                         build/obj/vectors.o
Vector1E4                                         build/obj/vectors.o
Vector1E8                                         build/obj/vectors.o
Vector1EC                                         build/obj/vectors.o
Vector1F0                                         build/obj/vectors.o
Vector1F4                                         build/obj/vectors.o
Vector1F8                                         build/obj/vectors.o
Vector1FC                                         build/obj/vectors.o
Vector20                                          build/obj/vectors.o
Vector24                                          build/obj/vectors.o
Vector28                                          build/obj/vectors.o
Vector34                                          build/obj/vectors.o
Vector40                                          build/obj/vectors.o
Vector44                                          build/obj/vectors.o
Vector48                                          build/obj/vectors.o
Vector4C                                          build/obj/vectors.o
Vector50                                          build/obj/vectors.o
Vector54                                          build/obj/vectors.o
Vector58                                          build/obj/vectors.o
Vector5C                                          build/obj/vectors.o
Vector60                                          build/obj/vectors.o
Vector64                                          build/obj/vectors.o
Vector68                                          build/obj/vectors.o
Vector6C                                          build/obj/vectors.o
Vector70                                          build/obj/vectors.o
Vector74                                          build/obj/vectors.o
Vector78                                          build/obj/vectors.o
Vector7C                                          build/obj/vectors.o
Vector80                                          build/obj/vectors.o
Vector84                                          build/obj/vectors.o
Vector88                                          build/obj/vectors.o
Vector8C                                          build/obj/vectors.o
Vector90                                          build/obj/vectors.o
Vector94                                          build/obj/vectors.o
Vector98                                          build/obj/vectors.o
Vector9C                                          build/obj/vectors.o
VectorA0                                          build/obj/vectors.o
VectorA4                                          build/obj/vectors.o
VectorA8                                          build/obj/vectors.o
VectorAC                                          build/obj/vectors.o
VectorB0                                          build/obj/vectors.o
VectorB4                                          build/obj/vectors.o
VectorB8                                          build/obj/vectors.o
VectorBC                                          build/obj/vectors.o
VectorC0                                          build/obj/vectors.o
VectorC4                                          build/obj/vectors.o
VectorC8                                          build/obj/vectors.o
VectorCC                                          build/obj/vectors.o
VectorD0                                          build/obj/vectors.o
VectorD4                                          build/obj/vectors.o
VectorD8                                          build/obj/vectors.o
VectorDC                                          build/obj/vectors.o
VectorE0                                          build/obj/vectors.o
VectorE4                                          build/obj/vectors.o
VectorE8                                          build/obj/vectors.o
VectorEC                                          build/obj/vectors.o
VectorF0                                          build/obj/vectors.o
VectorF4                                          build/obj/vectors.o
VectorF8                                          build/obj/vectors.o
VectorFC                                          build/obj/vectors.o
__early_init                                      build/obj/board.o
                                                  build/obj/crt0.o
__fini_array_end                                  build/obj/crt0.o
__fini_array_start                                build/obj/crt0.o
__heap_base__                                     build/obj/chmemcore.o
__heap_end__                                      build/obj/chmemcore.o
__init_array_end                                  build/obj/crt0.o
__init_array_start                                build/obj/crt0.o
__late_init                                       build/obj/crt0.o
__main_stack_base__                               build/obj/crt0.o
__main_stack_end__                                build/obj/vectors.o
                                                  build/obj/crt0.o
__process_stack_base__                            build/obj/crt0.o
__process_stack_end__                             build/obj/crt0.o
_bss_end                                          build/obj/crt0.o
_bss_start                                        build/obj/crt0.o
_core_init                                        build/obj/chmemcore.o
                                                  build/obj/chsys.o
_data                                             build/obj/crt0.o
_default_exit                                     build/obj/crt0.o
_edata                                            build/obj/crt0.o
_heap_init                                        build/obj/chheap.o
                                                  build/obj/chsys.o
_idle_thread                                      build/obj/chsys.o
_idle_thread_wa                                   build/obj/chsys.o
_pal_lld_init                                     build/obj/pal_lld.o
                                                  build/obj/hal.o
_pal_lld_setgroupmode                             build/obj/pal_lld.o
                                                  build/obj/pal.o
_port_init                                        build/obj/chcore_v7m.o
                                                  build/obj/chsys.o
_port_irq_epilogue                                build/obj/chcore_v7m.o
_port_switch                                      build/obj/chcore_v7m.o
                                                  build/obj/chschd.o
_port_switch_from_isr                             build/obj/chcore_v7m.o
_port_thread_start                                build/obj/chcore_v7m.o
                                                  build/obj/chthreads.o
_scheduler_init                                   build/obj/chschd.o
                                                  build/obj/chsys.o
_textdata                                         build/obj/crt0.o
_thread_init                                      build/obj/chthreads.o
                                                  build/obj/chsys.o
_unhandled_exception                              build/obj/vectors.o
_vectors                                          build/obj/vectors.o
_vt_init                                          build/obj/chvt.o
                                                  build/obj/chsys.o
boardInit                                         build/obj/board.o
                                                  build/obj/hal.o
chCondBroadcast                                   build/obj/chcond.o
chCondBroadcastI                                  build/obj/chcond.o
chCondInit                                        build/obj/chcond.o
chCondSignal                                      build/obj/chcond.o
chCondSignalI                                     build/obj/chcond.o
chCondWait                                        build/obj/chcond.o
chCondWaitS                                       build/obj/chcond.o
chCondWaitTimeout                                 build/obj/chcond.o
chCondWaitTimeoutS                                build/obj/chcond.o
chCoreAlloc                                       build/obj/chmemcore.o
                                                  build/obj/chheap.o
chCoreAllocI                                      build/obj/chmemcore.o
chCoreStatus                                      build/obj/chmemcore.o
chEvtAddEvents                                    build/obj/chevents.o
chEvtBroadcastFlags                               build/obj/chevents.o
chEvtBroadcastFlagsI                              build/obj/chevents.o
chEvtDispatch                                     build/obj/chevents.o
chEvtGetAndClearEvents                            build/obj/chevents.o
chEvtGetAndClearFlags                             build/obj/chevents.o
chEvtGetAndClearFlagsI                            build/obj/chevents.o
chEvtRegisterMask                                 build/obj/chevents.o
chEvtSignal                                       build/obj/chevents.o
chEvtSignalI                                      build/obj/chevents.o
chEvtUnregister                                   build/obj/chevents.o
chEvtWaitAll                                      build/obj/chevents.o
chEvtWaitAllTimeout                               build/obj/chevents.o
chEvtWaitAny                                      build/obj/chevents.o
chEvtWaitAnyTimeout                               build/obj/chevents.o
chEvtWaitOne                                      build/obj/chevents.o
chEvtWaitOneTimeout                               build/obj/chevents.o
chHeapAlloc                                       build/obj/chheap.o
                                                  build/obj/chdynamic.o
chHeapFree                                        build/obj/chheap.o
                                                  build/obj/chdynamic.o
chHeapInit                                        build/obj/chheap.o
chHeapStatus                                      build/obj/chheap.o
chIQGetTimeout                                    build/obj/chqueues.o
chIQInit                                          build/obj/chqueues.o
chIQPutI                                          build/obj/chqueues.o
chIQReadTimeout                                   build/obj/chqueues.o
chIQResetI                                        build/obj/chqueues.o
chMBFetch                                         build/obj/chmboxes.o
chMBFetchI                                        build/obj/chmboxes.o
chMBFetchS                                        build/obj/chmboxes.o
chMBInit                                          build/obj/chmboxes.o
chMBPost                                          build/obj/chmboxes.o
chMBPostAhead                                     build/obj/chmboxes.o
chMBPostAheadI                                    build/obj/chmboxes.o
chMBPostAheadS                                    build/obj/chmboxes.o
chMBPostI                                         build/obj/chmboxes.o
chMBPostS                                         build/obj/chmboxes.o
chMBReset                                         build/obj/chmboxes.o
chMsgRelease                                      build/obj/chmsg.o
chMsgSend                                         build/obj/chmsg.o
chMsgWait                                         build/obj/chmsg.o
chMtxInit                                         build/obj/chmtx.o
                                                  build/obj/chheap.o
chMtxLock                                         build/obj/chmtx.o
                                                  build/obj/chheap.o
chMtxLockS                                        build/obj/chmtx.o
                                                  build/obj/chcond.o
chMtxTryLock                                      build/obj/chmtx.o
chMtxTryLockS                                     build/obj/chmtx.o
chMtxUnlock                                       build/obj/chmtx.o
                                                  build/obj/chheap.o
chMtxUnlockAll                                    build/obj/chmtx.o
chMtxUnlockS                                      build/obj/chmtx.o
                                                  build/obj/chcond.o
chOQGetI                                          build/obj/chqueues.o
chOQInit                                          build/obj/chqueues.o
chOQPutTimeout                                    build/obj/chqueues.o
chOQResetI                                        build/obj/chqueues.o
chOQWriteTimeout                                  build/obj/chqueues.o
chPoolAlloc                                       build/obj/chmempools.o
                                                  build/obj/chdynamic.o
chPoolAllocI                                      build/obj/chmempools.o
chPoolFree                                        build/obj/chmempools.o
                                                  build/obj/chdynamic.o
chPoolFreeI                                       build/obj/chmempools.o
chPoolInit                                        build/obj/chmempools.o
chPoolLoadArray                                   build/obj/chmempools.o
chRegFirstThread                                  build/obj/chregistry.o
chRegNextThread                                   build/obj/chregistry.o
chSchDoReschedule                                 build/obj/chschd.o
                                                  build/obj/chcore_v7m.o
chSchDoRescheduleAhead                            build/obj/chschd.o
chSchDoRescheduleBehind                           build/obj/chschd.o
                                                  build/obj/chthreads.o
chSchGoSleepS                                     build/obj/chschd.o
                                                  build/obj/chmsg.o
                                                  build/obj/chevents.o
                                                  build/obj/chcond.o
                                                  build/obj/chmtx.o
                                                  build/obj/chsem.o
                                                  build/obj/chthreads.o
chSchGoSleepTimeoutS                              build/obj/chschd.o
                                                  build/obj/chqueues.o
                                                  build/obj/chevents.o
                                                  build/obj/chcond.o
                                                  build/obj/chsem.o
                                                  build/obj/chthreads.o
chSchReadyI                                       build/obj/chschd.o
                                                  build/obj/chqueues.o
                                                  build/obj/chmsg.o
                                                  build/obj/chevents.o
                                                  build/obj/chcond.o
                                                  build/obj/chmtx.o
                                                  build/obj/chsem.o
                                                  build/obj/chthreads.o
chSchRescheduleS                                  build/obj/chschd.o
                                                  build/obj/chmboxes.o
                                                  build/obj/chevents.o
                                                  build/obj/chcond.o
                                                  build/obj/chmtx.o
                                                  build/obj/chsem.o
                                                  build/obj/chthreads.o
chSchWakeupS                                      build/obj/chschd.o
                                                  build/obj/chmsg.o
                                                  build/obj/chcond.o
                                                  build/obj/chmtx.o
                                                  build/obj/chsem.o
                                                  build/obj/chdynamic.o
                                                  build/obj/chthreads.o
chSemAddCounterI                                  build/obj/chsem.o
chSemInit                                         build/obj/chsem.o
                                                  build/obj/chmboxes.o
chSemReset                                        build/obj/chsem.o
chSemResetI                                       build/obj/chsem.o
                                                  build/obj/chmboxes.o
chSemSignal                                       build/obj/chsem.o
chSemSignalI                                      build/obj/chsem.o
                                                  build/obj/chmboxes.o
chSemSignalWait                                   build/obj/chsem.o
chSemWait                                         build/obj/chsem.o
chSemWaitS                                        build/obj/chsem.o
chSemWaitTimeout                                  build/obj/chsem.o
chSemWaitTimeoutS                                 build/obj/chsem.o
                                                  build/obj/chmboxes.o
chSysInit                                         build/obj/chsys.o
                                                  build/obj/main.o
chSysTimerHandlerI                                build/obj/chsys.o
                                                  build/obj/chcore_v7m.o
chThdAddRef                                       build/obj/chdynamic.o
chThdCreateFromHeap                               build/obj/chdynamic.o
chThdCreateFromMemoryPool                         build/obj/chdynamic.o
chThdCreateI                                      build/obj/chthreads.o
                                                  build/obj/chdynamic.o
chThdCreateStatic                                 build/obj/chthreads.o
                                                  build/obj/chsys.o
chThdExit                                         build/obj/chthreads.o
                                                  build/obj/chcore_v7m.o
chThdExitS                                        build/obj/chthreads.o
chThdRelease                                      build/obj/chdynamic.o
                                                  build/obj/chregistry.o
                                                  build/obj/chthreads.o
chThdResume                                       build/obj/chthreads.o
chThdSetPriority                                  build/obj/chthreads.o
chThdSleep                                        build/obj/chthreads.o
chThdSleepUntil                                   build/obj/chthreads.o
chThdTerminate                                    build/obj/chthreads.o
chThdWait                                         build/obj/chthreads.o
chThdYield                                        build/obj/chthreads.o
chVTResetI                                        build/obj/chvt.o
                                                  build/obj/chschd.o
chVTSetI                                          build/obj/chvt.o
                                                  build/obj/chschd.o
ch_debug                                          build/obj/chregistry.o
                                                  build/obj/chsys.o
gpio_init                                         build/obj/pal_lld.o
halInit                                           build/obj/hal.o
                                                  build/obj/main.o
hal_lld_init                                      build/obj/hal_lld.o
                                                  build/obj/hal.o
main                                              build/obj/main.o
                                                  build/obj/crt0.o
nvicDisableVector                                 build/obj/nvic.o
nvicEnableVector                                  build/obj/nvic.o
nvicSetSystemHandlerPriority                      build/obj/nvic.o
                                                  build/obj/chcore_v7m.o
palReadBus                                        build/obj/pal.o
palSetBusMode                                     build/obj/pal.o
palWriteBus                                       build/obj/pal.o
pal_default_config                                build/obj/board.o
                                                  build/obj/hal.o
port_halt                                         build/obj/chcore.o
rlist                                             build/obj/chschd.o
                                                  build/obj/chqueues.o
                                                  build/obj/chmsg.o
                                                  build/obj/chevents.o
                                                  build/obj/chcond.o
                                                  build/obj/chmtx.o
                                                  build/obj/chsem.o
                                                  build/obj/chregistry.o
                                                  build/obj/chthreads.o
                                                  build/obj/chsys.o
                                                  build/obj/chcore_v7m.o
tiva_clock_init                                   build/obj/hal_lld.o
                                                  build/obj/board.o
vtlist                                            build/obj/chvt.o
                                                  build/obj/chthreads.o
                                                  build/obj/chsys.o
